Copyright 1986-2017 Xilinx, Inc. All Rights Reserved.
------------------------------------------------------------------------------------
| Tool Version : Vivado v.2017.3 (lin64) Build 2018833 Wed Oct  4 19:58:07 MDT 2017
| Date         : Wed Nov 22 12:31:06 2017
| Host         : dante-X55C running 64-bit Linux Mint 18.2 Sonya
| Command      : report_control_sets -file design_1_wrapper_control_sets_placed.rpt
| Design       : design_1_wrapper
| Device       : xc7z020
------------------------------------------------------------------------------------

Control Set Information

Table of Contents
-----------------
1. Summary
2. Flip-Flop Distribution

1. Summary
----------

+-------------------------------+-------+
|             Status            | Count |
+-------------------------------+-------+
| Number of unique control sets |   358 |
+-------------------------------+-------+


2. Flip-Flop Distribution
-------------------------

+--------------+-----------------------+------------------------+-----------------+--------------+
| Clock Enable | Synchronous Set/Reset | Asynchronous Set/Reset | Total Registers | Total Slices |
+--------------+-----------------------+------------------------+-----------------+--------------+
| No           | No                    | No                     |             899 |          321 |
| No           | No                    | Yes                    |              42 |           14 |
| No           | Yes                   | No                     |            1305 |          501 |
| Yes          | No                    | No                     |            5892 |         1967 |
| Yes          | No                    | Yes                    |              60 |           14 |
| Yes          | Yes                   | No                     |            2930 |          900 |
+--------------+-----------------------+------------------------+-----------------+--------------+


