

================================================================
== Vivado HLS Report for 'aesl_mux_load_28_37_s'
================================================================
* Date:           Tue Nov 28 10:42:53 2017

* Version:        2017.3 (Build 2018833 on Wed Oct 04 20:30:40 MDT 2017)
* Project:        Prova_casa
* Solution:       solution1
* Product family: zynq
* Target device:  xc7z020clg484-1


================================================================
== Performance Estimates
================================================================
+ Timing (ns): 
    * Summary: 
    +--------+-------+----------+------------+
    |  Clock | Target| Estimated| Uncertainty|
    +--------+-------+----------+------------+
    |ap_clk  |  10.00|      8.51|        1.25|
    +--------+-------+----------+------------+

+ Latency (clock cycles): 
    * Summary: 
    +-----+-----+-----+-----+----------+
    |  Latency  |  Interval | Pipeline |
    | min | max | min | max |   Type   |
    +-----+-----+-----+-----+----------+
    |    2|    2|    1|    1| function |
    +-----+-----+-----+-----+----------+

    + Detail: 
        * Instance: 
        N/A

        * Loop: 
        N/A



================================================================
== Utilization Estimates
================================================================
* Summary: 
+-----------------+---------+-------+--------+-------+
|       Name      | BRAM_18K| DSP48E|   FF   |  LUT  |
+-----------------+---------+-------+--------+-------+
|DSP              |        -|      -|       -|      -|
|Expression       |        -|      3|       0|    123|
|FIFO             |        -|      -|       -|      -|
|Instance         |        -|      -|       -|      -|
|Memory           |        -|      -|       -|      -|
|Multiplexer      |        -|      -|       -|    133|
|Register         |        -|      -|     109|      -|
+-----------------+---------+-------+--------+-------+
|Total            |        0|      3|     109|    256|
+-----------------+---------+-------+--------+-------+
|Available        |      280|    220|  106400|  53200|
+-----------------+---------+-------+--------+-------+
|Utilization (%)  |        0|      1|   ~0   |   ~0  |
+-----------------+---------+-------+--------+-------+

+ Detail: 
    * Instance: 
    N/A

    * DSP48: 
    N/A

    * Memory: 
    N/A

    * FIFO: 
    N/A

    * Expression: 
    +-----------------------------+----------+-------+---+----+------------+------------+
    |        Variable Name        | Operation| DSP48E| FF| LUT| Bitwidth P0| Bitwidth P1|
    +-----------------------------+----------+-------+---+----+------------+------------+
    |tmp_fu_571_p2                |     *    |      3|  0|  20|          32|           5|
    |tmp_s_fu_580_p2              |     +    |      0|  0|  71|          64|          64|
    |ap_block_pp0_stage0_11001    |    and   |      0|  0|   8|           1|           1|
    |ap_block_pp0_stage0_subdone  |    or    |      0|  0|   8|           1|           1|
    |ap_condition_425             |    or    |      0|  0|   8|           1|           1|
    |ap_enable_pp0                |    xor   |      0|  0|   8|           1|           2|
    +-----------------------------+----------+-------+---+----+------------+------------+
    |Total                        |          |      3|  0| 123|         100|          74|
    +-----------------------------+----------+-------+---+----+------------+------------+

    * Multiplexer: 
    +-------------------------------------------+-----+-----------+-----+-----------+
    |                    Name                   | LUT | Input Size| Bits| Total Bits|
    +-------------------------------------------+-----+-----------+-----+-----------+
    |ap_phi_mux_UnifiedRetVal_i_phi_fu_481_p56  |  133|         29|   27|        783|
    +-------------------------------------------+-----+-----------+-----+-----------+
    |Total                                      |  133|         29|   27|        783|
    +-------------------------------------------+-----+-----------+-----+-----------+

    * Register: 
    +----------------------------------+----+----+-----+-----------+
    |               Name               | FF | LUT| Bits| Const Bits|
    +----------------------------------+----+----+-----+-----------+
    |ap_CS_fsm                         |   1|   0|    1|          0|
    |ap_enable_reg_pp0_iter1           |   1|   0|    1|          0|
    |ap_enable_reg_pp0_iter2           |   1|   0|    1|          0|
    |ap_reg_pp0_iter1_tmp_100_reg_618  |   5|   0|    5|          0|
    |tmp_100_reg_618                   |   5|   0|    5|          0|
    |tmp_98_reg_613                    |  32|   0|   32|          0|
    |tmp_reg_622                       |  64|   0|   64|          0|
    +----------------------------------+----+----+-----+-----------+
    |Total                             | 109|   0|  109|          0|
    +----------------------------------+----+----+-----+-----------+



================================================================
== Interface
================================================================
* Summary: 
+----------------------+-----+-----+------------+-----------------------+--------------+
|       RTL Ports      | Dir | Bits|  Protocol  |     Source Object     |    C Type    |
+----------------------+-----+-----+------------+-----------------------+--------------+
|ap_clk                |  in |    1| ap_ctrl_hs | aesl_mux_load_28_37_s | return value |
|ap_rst                |  in |    1| ap_ctrl_hs | aesl_mux_load_28_37_s | return value |
|ap_start              |  in |    1| ap_ctrl_hs | aesl_mux_load_28_37_s | return value |
|ap_done               | out |    1| ap_ctrl_hs | aesl_mux_load_28_37_s | return value |
|ap_idle               | out |    1| ap_ctrl_hs | aesl_mux_load_28_37_s | return value |
|ap_ready              | out |    1| ap_ctrl_hs | aesl_mux_load_28_37_s | return value |
|ap_ce                 |  in |    1| ap_ctrl_hs | aesl_mux_load_28_37_s | return value |
|ap_return             | out |   27| ap_ctrl_hs | aesl_mux_load_28_37_s | return value |
|empty_12              |  in |    5|   ap_none  |        empty_12       |    scalar    |
|empty_13              |  in |   32|   ap_none  |        empty_13       |    scalar    |
|empty                 |  in |   32|   ap_none  |         empty         |    scalar    |
|outputfm_0_address0   | out |   10|  ap_memory |       outputfm_0      |     array    |
|outputfm_0_ce0        | out |    1|  ap_memory |       outputfm_0      |     array    |
|outputfm_0_q0         |  in |   27|  ap_memory |       outputfm_0      |     array    |
|outputfm_1_address0   | out |   10|  ap_memory |       outputfm_1      |     array    |
|outputfm_1_ce0        | out |    1|  ap_memory |       outputfm_1      |     array    |
|outputfm_1_q0         |  in |   27|  ap_memory |       outputfm_1      |     array    |
|outputfm_10_address0  | out |   10|  ap_memory |      outputfm_10      |     array    |
|outputfm_10_ce0       | out |    1|  ap_memory |      outputfm_10      |     array    |
|outputfm_10_q0        |  in |   27|  ap_memory |      outputfm_10      |     array    |
|outputfm_11_address0  | out |   10|  ap_memory |      outputfm_11      |     array    |
|outputfm_11_ce0       | out |    1|  ap_memory |      outputfm_11      |     array    |
|outputfm_11_q0        |  in |   27|  ap_memory |      outputfm_11      |     array    |
|outputfm_12_address0  | out |   10|  ap_memory |      outputfm_12      |     array    |
|outputfm_12_ce0       | out |    1|  ap_memory |      outputfm_12      |     array    |
|outputfm_12_q0        |  in |   27|  ap_memory |      outputfm_12      |     array    |
|outputfm_13_address0  | out |   10|  ap_memory |      outputfm_13      |     array    |
|outputfm_13_ce0       | out |    1|  ap_memory |      outputfm_13      |     array    |
|outputfm_13_q0        |  in |   27|  ap_memory |      outputfm_13      |     array    |
|outputfm_14_address0  | out |   10|  ap_memory |      outputfm_14      |     array    |
|outputfm_14_ce0       | out |    1|  ap_memory |      outputfm_14      |     array    |
|outputfm_14_q0        |  in |   27|  ap_memory |      outputfm_14      |     array    |
|outputfm_15_address0  | out |   10|  ap_memory |      outputfm_15      |     array    |
|outputfm_15_ce0       | out |    1|  ap_memory |      outputfm_15      |     array    |
|outputfm_15_q0        |  in |   27|  ap_memory |      outputfm_15      |     array    |
|outputfm_16_address0  | out |   10|  ap_memory |      outputfm_16      |     array    |
|outputfm_16_ce0       | out |    1|  ap_memory |      outputfm_16      |     array    |
|outputfm_16_q0        |  in |   27|  ap_memory |      outputfm_16      |     array    |
|outputfm_17_address0  | out |   10|  ap_memory |      outputfm_17      |     array    |
|outputfm_17_ce0       | out |    1|  ap_memory |      outputfm_17      |     array    |
|outputfm_17_q0        |  in |   27|  ap_memory |      outputfm_17      |     array    |
|outputfm_18_address0  | out |   10|  ap_memory |      outputfm_18      |     array    |
|outputfm_18_ce0       | out |    1|  ap_memory |      outputfm_18      |     array    |
|outputfm_18_q0        |  in |   27|  ap_memory |      outputfm_18      |     array    |
|outputfm_19_address0  | out |   10|  ap_memory |      outputfm_19      |     array    |
|outputfm_19_ce0       | out |    1|  ap_memory |      outputfm_19      |     array    |
|outputfm_19_q0        |  in |   27|  ap_memory |      outputfm_19      |     array    |
|outputfm_2_address0   | out |   10|  ap_memory |       outputfm_2      |     array    |
|outputfm_2_ce0        | out |    1|  ap_memory |       outputfm_2      |     array    |
|outputfm_2_q0         |  in |   27|  ap_memory |       outputfm_2      |     array    |
|outputfm_20_address0  | out |   10|  ap_memory |      outputfm_20      |     array    |
|outputfm_20_ce0       | out |    1|  ap_memory |      outputfm_20      |     array    |
|outputfm_20_q0        |  in |   27|  ap_memory |      outputfm_20      |     array    |
|outputfm_21_address0  | out |   10|  ap_memory |      outputfm_21      |     array    |
|outputfm_21_ce0       | out |    1|  ap_memory |      outputfm_21      |     array    |
|outputfm_21_q0        |  in |   27|  ap_memory |      outputfm_21      |     array    |
|outputfm_22_address0  | out |   10|  ap_memory |      outputfm_22      |     array    |
|outputfm_22_ce0       | out |    1|  ap_memory |      outputfm_22      |     array    |
|outputfm_22_q0        |  in |   27|  ap_memory |      outputfm_22      |     array    |
|outputfm_23_address0  | out |   10|  ap_memory |      outputfm_23      |     array    |
|outputfm_23_ce0       | out |    1|  ap_memory |      outputfm_23      |     array    |
|outputfm_23_q0        |  in |   27|  ap_memory |      outputfm_23      |     array    |
|outputfm_24_address0  | out |   10|  ap_memory |      outputfm_24      |     array    |
|outputfm_24_ce0       | out |    1|  ap_memory |      outputfm_24      |     array    |
|outputfm_24_q0        |  in |   27|  ap_memory |      outputfm_24      |     array    |
|outputfm_25_address0  | out |   10|  ap_memory |      outputfm_25      |     array    |
|outputfm_25_ce0       | out |    1|  ap_memory |      outputfm_25      |     array    |
|outputfm_25_q0        |  in |   27|  ap_memory |      outputfm_25      |     array    |
|outputfm_26_address0  | out |   10|  ap_memory |      outputfm_26      |     array    |
|outputfm_26_ce0       | out |    1|  ap_memory |      outputfm_26      |     array    |
|outputfm_26_q0        |  in |   27|  ap_memory |      outputfm_26      |     array    |
|outputfm_27_address0  | out |   10|  ap_memory |      outputfm_27      |     array    |
|outputfm_27_ce0       | out |    1|  ap_memory |      outputfm_27      |     array    |
|outputfm_27_q0        |  in |   27|  ap_memory |      outputfm_27      |     array    |
|outputfm_3_address0   | out |   10|  ap_memory |       outputfm_3      |     array    |
|outputfm_3_ce0        | out |    1|  ap_memory |       outputfm_3      |     array    |
|outputfm_3_q0         |  in |   27|  ap_memory |       outputfm_3      |     array    |
|outputfm_4_address0   | out |   10|  ap_memory |       outputfm_4      |     array    |
|outputfm_4_ce0        | out |    1|  ap_memory |       outputfm_4      |     array    |
|outputfm_4_q0         |  in |   27|  ap_memory |       outputfm_4      |     array    |
|outputfm_5_address0   | out |   10|  ap_memory |       outputfm_5      |     array    |
|outputfm_5_ce0        | out |    1|  ap_memory |       outputfm_5      |     array    |
|outputfm_5_q0         |  in |   27|  ap_memory |       outputfm_5      |     array    |
|outputfm_6_address0   | out |   10|  ap_memory |       outputfm_6      |     array    |
|outputfm_6_ce0        | out |    1|  ap_memory |       outputfm_6      |     array    |
|outputfm_6_q0         |  in |   27|  ap_memory |       outputfm_6      |     array    |
|outputfm_7_address0   | out |   10|  ap_memory |       outputfm_7      |     array    |
|outputfm_7_ce0        | out |    1|  ap_memory |       outputfm_7      |     array    |
|outputfm_7_q0         |  in |   27|  ap_memory |       outputfm_7      |     array    |
|outputfm_8_address0   | out |   10|  ap_memory |       outputfm_8      |     array    |
|outputfm_8_ce0        | out |    1|  ap_memory |       outputfm_8      |     array    |
|outputfm_8_q0         |  in |   27|  ap_memory |       outputfm_8      |     array    |
|outputfm_9_address0   | out |   10|  ap_memory |       outputfm_9      |     array    |
|outputfm_9_ce0        | out |    1|  ap_memory |       outputfm_9      |     array    |
|outputfm_9_q0         |  in |   27|  ap_memory |       outputfm_9      |     array    |
+----------------------+-----+-----+------------+-----------------------+--------------+

